gate: app.model-contract
command: node --test tests/model.test.js
cwd: D:\mydata\my-project\AnhTrangKhuya
expected_exit_code: 0
observed_exit_code: 0
timed_out: false

[stdout]
✔ default set preserves all owner-supplied main questions (0.9649ms)
✔ default suggestion library has usable, unique items for both kinds (0.2341ms)
✔ evaluation supports opposite scoring directions (0.1628ms)
✔ a neutral main answer can be evaluated by a nested boolean follow-up (1.029ms)
✔ saved entry snapshots do not change when definitions are edited later (1.6214ms)
✔ summary reports completion and assessed direction (0.8645ms)
✔ backup validator accepts complete backup and rejects a share package (0.4479ms)
✔ share package never includes nightly entries (0.3302ms)
✔ safe merge preserves conflicting local definitions as separate copies (3.5895ms)
ℹ tests 9
ℹ suites 0
ℹ pass 9
ℹ fail 0
ℹ cancelled 0
ℹ skipped 0
ℹ todo 0
ℹ duration_ms 121.559

[stderr]
