gate: app.editor-cancel-contract
command: node tools/check_editor_cancel.mjs
cwd: D:\mydata\my-project\AnhTrangKhuya
expected_exit_code: 0
observed_exit_code: 1
timed_out: false

[stdout]

[stderr]
node:internal/modules/run_main:107
    triggerUncaughtException(
    ^

AssertionError [ERR_ASSERTION]: the editor must provide both close and cancel controls

0 !== 2

    at file:///D:/mydata/my-project/AnhTrangKhuya/tools/check_editor_cancel.mjs:9:8
    at ModuleJob.run (node:internal/modules/esm/module_job:413:25)
    at async onImport.tracePromise.__proto__ (node:internal/modules/esm/loader:660:26)
    at async asyncRunEntryPointWithESMLoader (node:internal/modules/run_main:101:5) {
  generatedMessage: false,
  code: 'ERR_ASSERTION',
  actual: 0,
  expected: 2,
  operator: 'strictEqual',
  diff: 'simple'
}

Node.js v24.12.0
