gate: app.model-contract
command: node --test tests/model.test.js
cwd: D:\mydata\my-project\AnhTrangKhuya
expected_exit_code: 0
observed_exit_code: 0
timed_out: false

[stdout]
✔ default set preserves all owner-supplied main questions (1.3616ms)
✔ default suggestion library has usable, unique items for both kinds (0.2325ms)
✔ evaluation supports opposite scoring directions (0.2468ms)
✔ a neutral main answer can be evaluated by a nested boolean follow-up (1.784ms)
✔ saved entry snapshots do not change when definitions are edited later (1.5881ms)
✔ summary reports completion and assessed direction (0.8497ms)
✔ backup validator accepts complete backup and rejects a share package (0.466ms)
✔ share package never includes nightly entries (0.3186ms)
✔ safe merge preserves conflicting local definitions as separate copies (2.5702ms)
ℹ tests 9
ℹ suites 0
ℹ pass 9
ℹ fail 0
ℹ cancelled 0
ℹ skipped 0
ℹ todo 0
ℹ duration_ms 139.9753

[stderr]
