gate: app.model-contract
command: node --test tests/model.test.js
cwd: D:\mydata\my-project\AnhTrangKhuya
expected_exit_code: 0
observed_exit_code: 0
timed_out: false

[stdout]
✔ default set preserves all owner-supplied main questions (1.5791ms)
✔ evaluation supports opposite scoring directions (0.3155ms)
✔ a neutral main answer can be evaluated by a nested boolean follow-up (0.56ms)
✔ saved entry snapshots do not change when definitions are edited later (6.9615ms)
✔ summary reports completion and assessed direction (2.2356ms)
✔ backup validator accepts complete backup and rejects a share package (1.694ms)
✔ share package never includes nightly entries (1.0816ms)
✔ safe merge preserves conflicting local definitions as separate copies (9.4249ms)
ℹ tests 8
ℹ suites 0
ℹ pass 8
ℹ fail 0
ℹ cancelled 0
ℹ skipped 0
ℹ todo 0
ℹ duration_ms 221.329

[stderr]
