gate: app.model-contract
command: node --test tests/model.test.js
cwd: D:\mydata\my-project\AnhTrangKhuya
expected_exit_code: 0
observed_exit_code: 0
timed_out: false

[stdout]
✔ default set preserves all owner-supplied main questions (0.9031ms)
✔ default suggestion library has usable, unique items for both kinds (0.2209ms)
✔ evaluation supports opposite scoring directions (0.1603ms)
✔ a neutral main answer can be evaluated by a nested boolean follow-up (0.8574ms)
✔ saved entry snapshots do not change when definitions are edited later (1.2763ms)
✔ summary reports completion and assessed direction (1.072ms)
✔ backup validator accepts complete backup and rejects a share package (0.7766ms)
✔ share package never includes nightly entries (0.4051ms)
✔ safe merge preserves conflicting local definitions as separate copies (2.3182ms)
ℹ tests 9
ℹ suites 0
ℹ pass 9
ℹ fail 0
ℹ cancelled 0
ℹ skipped 0
ℹ todo 0
ℹ duration_ms 113.744

[stderr]
